[Licensing::Module] Trying to connect to existing licensing client channel...
Built from '6000.3/staging' branch; Version is '6000.3.0f1 (d1870ce95baf) revision 13731596'; Using compiler version '194234433'; Build Type 'Release'
OS: 'Windows 10  (10.0.19045) 64bit Professional' Language: 'fr' Physical Memory: 32716 MB
[Licensing::IpcConnector] Successfully connected to: "LicenseClient-Julien" at "2026-01-10T14:54:19.2148609Z"
BatchMode: 1, IsHumanControllingUs: 0, StartBugReporterOnCrash: 0, Is64bit: 1
Date: 2026-01-10T14:54:19Z

COMMAND LINE ARGUMENTS:
D:\Unity\6000.3.0f1\Editor\Unity.exe
-adb2
-batchMode
-noUpm
-name
AssetImportWorker6
-projectPath
D:/GitProjects/PokemonHomeMade/PokemonHomeMade2D
-logFile
Logs/AssetImportWorker6.log
-srvPort
55696
-job-worker-count
5
-background-job-worker-count
8
-gc-helper-count
1
-name
AssetImport
Successfully changed project path to: D:/GitProjects/PokemonHomeMade/PokemonHomeMade2D
D:/GitProjects/PokemonHomeMade/PokemonHomeMade2D
[UnityMemory] Configuration Parameters - Can be set up in boot.config
    "memorysetup-temp-allocator-size-nav-mesh-worker=65536"
    "memorysetup-temp-allocator-size-audio-worker=65536"
    "memorysetup-temp-allocator-size-gfx=262144"
    "memorysetup-allocator-temp-initial-block-size-main=262144"
    "memorysetup-allocator-temp-initial-block-size-worker=262144"
    "memorysetup-temp-allocator-size-background-worker=32768"
    "memorysetup-temp-allocator-size-job-worker=262144"
    "memorysetup-temp-allocator-size-preload-manager=33554432"
    "memorysetup-temp-allocator-size-gi-baking-worker=262144"
    "memorysetup-temp-allocator-size-gi-baking-worker=262144"
    "memorysetup-temp-allocator-size-gi-baking-worker=262144"
    "memorysetup-temp-allocator-size-gi-baking-worker=262144"
    "memorysetup-temp-allocator-size-gi-baking-worker=262144"
    "memorysetup-bucket-allocator-granularity=16"
    "memorysetup-bucket-allocator-bucket-count=8"
    "memorysetup-bucket-allocator-block-size=33554432"
    "memorysetup-bucket-allocator-block-count=8"
    "memorysetup-main-allocator-block-size=16777216"
    "memorysetup-thread-allocator-block-size=16777216"
    "memorysetup-gfx-main-allocator-block-size=16777216"
    "memorysetup-gfx-thread-allocator-block-size=16777216"
    "memorysetup-cache-allocator-block-size=4194304"
    "memorysetup-typetree-allocator-block-size=2097152"
    "memorysetup-profiler-bucket-allocator-granularity=16"
    "memorysetup-profiler-bucket-allocator-bucket-count=8"
    "memorysetup-profiler-bucket-allocator-block-size=33554432"
    "memorysetup-profiler-bucket-allocator-block-count=8"
    "memorysetup-profiler-allocator-block-size=16777216"
    "memorysetup-profiler-editor-allocator-block-size=1048576"
    "memorysetup-temp-allocator-size-main=16777216"
    "memorysetup-job-temp-allocator-block-size=2097152"
    "memorysetup-job-temp-allocator-block-size-background=1048576"
    "memorysetup-job-temp-allocator-reduction-small-platforms=262144"
    "memorysetup-temp-allocator-size-cloud-worker=32768"
Player connection [15392]  Target information:

Player connection [15392]  * "[IP] 192.168.1.99 [Port] 0 [Flags] 2 [Guid] 3216838939 [EditorId] 3216838939 [Version] 1048832 [Id] WindowsEditor(7,Julien) [Debug] 1 [PackageName] WindowsEditor [ProjectName] Editor" 

Player connection [15392] Host joined multi-casting on [225.0.0.222:54997]...
Player connection [15392] Host joined alternative multi-casting on [225.0.0.222:34997]...
JobSystem: Creating JobQueue using job-worker-count value 5
Input System module state changed to: Initialized.
[Physics::Module] Initialized fallback backend.
[Physics::Module] Id: 0xdecafbad
Library Redirect Path: Library/
[Physics::Module] Selected backend.
[Physics::Module] Name: PhysX
[Physics::Module] Id: 0xf2b8ea05
[Physics::Module] SDK Version: 4.1.2
[Physics::Module] Integration Version: 1.0.0
[Physics::Module] Threading Mode: Multi-Threaded
Refreshing native plugins compatible for Editor in 4.49 ms, found 4 plugins.
Preloading 0 native plugins for Editor in 0.00 ms.
Initialize engine version: 6000.3.0f1 (d1870ce95baf)
[Subsystems] Discovering subsystems at path D:/Unity/6000.3.0f1/Editor/Data/Resources/UnitySubsystems
[Subsystems] Discovering subsystems at path D:/GitProjects/PokemonHomeMade/PokemonHomeMade2D/Assets
GfxDevice: creating device client; kGfxThreadingModeNonThreaded
Direct3D:
    Version:  Direct3D 11.0 [level 11.1]
    Renderer: NVIDIA GeForce RTX 2070 SUPER (ID=0x1e84)
    Vendor:   NVIDIA
    VRAM:     7989 MB
    Driver:   32.0.15.8180
Initialize mono
Mono path[0] = 'D:/Unity/6000.3.0f1/Editor/Data/Managed'
Mono path[1] = 'D:/Unity/6000.3.0f1/Editor/Data/MonoBleedingEdge/lib/mono/unityjit-win32'
Mono config path = 'D:/Unity/6000.3.0f1/Editor/Data/MonoBleedingEdge/etc'
Using monoOptions --debugger-agent=transport=dt_socket,embedding=1,server=y,suspend=n,address=127.0.0.1:56392
Begin MonoManager ReloadAssembly
Registering precompiled unity dll's ...
Register platform support module: D:/Unity/6000.3.0f1/Editor/Data/PlaybackEngines/WebGLSupport/UnityEditor.WebGL.Extensions.dll
Register platform support module: D:/Unity/6000.3.0f1/Editor/Data/PlaybackEngines/WindowsStandaloneSupport/UnityEditor.WindowsStandalone.Extensions.dll
Registered in 0.002254 seconds.
[Licensing::Client] Handshaking with LicensingClient:
  Version:                 1.17.4+4293ba1
  Session Id:              a3b671b6a9a74c15873ecb622be2b5b0
  Correlation Id:          c713ceac18fc57bf60b5f07c6f8c5f57
  External correlation Id: 7269076226838620322
  Machine Id:              xqqLuAXBL5pu09ROvVKQKL94Qik=
[Licensing::Module] Successfully connected to LicensingClient on channel: "LicenseClient-Julien" (connect: 0.00s, validation: 0.00s, handshake: 1.31s)
[Licensing::IpcConnector] Successfully connected to: "LicenseClient-Julien-notifications" at "2026-01-10T14:54:20.5302243Z"
[Licensing::Module] Licensing Background thread has ended after 1.32s
- Loaded All Assemblies, in  0.555 seconds
Native extension for WindowsStandalone target not found
Native extension for WebGL target not found
Mono: successfully reloaded assembly
- Finished resetting the current domain, in  0.504 seconds
Domain Reload Profiling: 1059ms
	BeginReloadAssembly (208ms)
		ExecutionOrderSort (0ms)
		DisableScriptedObjects (0ms)
		BackupInstance (0ms)
		ReleaseScriptingObjects (0ms)
		CreateAndSetChildDomain (1ms)
	RebuildCommonClasses (50ms)
	RebuildNativeTypeToScriptingClass (19ms)
	initialDomainReloadingComplete (57ms)
	LoadAllAssembliesAndSetupDomain (219ms)
		LoadAssemblies (208ms)
		RebuildTransferFunctionScriptingTraits (0ms)
		AnalyzeDomain (214ms)
			TypeCache.Refresh (212ms)
				TypeCache.ScanAssembly (195ms)
			BuildScriptInfoCaches (0ms)
			ResolveRequiredComponents (1ms)
	FinalizeReload (505ms)
		ReleaseScriptCaches (0ms)
		RebuildScriptCaches (0ms)
		SetupLoadedEditorAssemblies (449ms)
			LogAssemblyErrors (0ms)
			InitializePlatformSupportModulesInManaged (61ms)
			SetLoadedEditorAssemblies (6ms)
			BeforeProcessingInitializeOnLoad (113ms)
			ProcessInitializeOnLoadAttributes (181ms)
			ProcessInitializeOnLoadMethodAttributes (89ms)
			AfterProcessingInitializeOnLoad (0ms)
			EditorAssembliesLoaded (0ms)
		ExecutionOrderSort2 (0ms)
		AwakeInstancesAfterBackupRestoration (0ms)
========================================================================
Worker process is ready to serve import requests
Import Worker Mode flag is 0x00
Begin MonoManager ReloadAssembly
[Licensing::Client] Successfully resolved entitlement details
[Licensing::Module] License group:
  Id: 9071004324030-UnityPersXXXX
  Product: Unity Personal
  Type: Assigned
  Expiration: Unlimited
- Loaded All Assemblies, in  1.066 seconds
Refreshing native plugins compatible for Editor in 2.37 ms, found 4 plugins.
Native extension for WindowsStandalone target not found
Native extension for WebGL target not found
Package Manager log level set to [2]
[Package Manager] Failed to launch server process. Reason: Unity was launched with the -noUpm command-line argument
[Package Manager] Unable to send message (not connected to server process).
[Package Manager] Cannot connect to Unity Package Manager local server
Mono: successfully reloaded assembly
- Finished resetting the current domain, in  1.175 seconds
Domain Reload Profiling: 2239ms
	BeginReloadAssembly (259ms)
		ExecutionOrderSort (0ms)
		DisableScriptedObjects (8ms)
		BackupInstance (0ms)
		ReleaseScriptingObjects (0ms)
		CreateAndSetChildDomain (46ms)
	RebuildCommonClasses (48ms)
	RebuildNativeTypeToScriptingClass (17ms)
	initialDomainReloadingComplete (46ms)
	LoadAllAssembliesAndSetupDomain (694ms)
		LoadAssemblies (528ms)
		RebuildTransferFunctionScriptingTraits (0ms)
		AnalyzeDomain (325ms)
			TypeCache.Refresh (239ms)
				TypeCache.ScanAssembly (221ms)
			BuildScriptInfoCaches (70ms)
			ResolveRequiredComponents (12ms)
	FinalizeReload (1176ms)
		ReleaseScriptCaches (0ms)
		RebuildScriptCaches (0ms)
		SetupLoadedEditorAssemblies (1007ms)
			LogAssemblyErrors (0ms)
			InitializePlatformSupportModulesInManaged (2ms)
			SetLoadedEditorAssemblies (9ms)
			BeforeProcessingInitializeOnLoad (291ms)
			ProcessInitializeOnLoadAttributes (534ms)
			ProcessInitializeOnLoadMethodAttributes (167ms)
			AfterProcessingInitializeOnLoad (3ms)
			EditorAssembliesLoaded (0ms)
		ExecutionOrderSort2 (0ms)
		AwakeInstancesAfterBackupRestoration (7ms)
Launched and connected shader compiler UnityShaderCompiler.exe after 0.14 seconds
Refreshing native plugins compatible for Editor in 5.89 ms, found 4 plugins.
Preloading 0 native plugins for Editor in 0.00 ms.
Unloading 16 Unused Serialized files (Serialized files now loaded: 0)
Unloading 6871 unused Assets / (4.4 MB). Loaded Objects now: 7688.
Memory consumption went from 153.9 MB to 149.5 MB.
Total: 14.168400 ms (FindLiveObjects: 1.209300 ms CreateObjectMapping: 0.420000 ms MarkObjects: 9.562700 ms  DeleteObjects: 2.974500 ms)

========================================================================
Received Import Request.
  Time since last request: 15243.422326 seconds.
  path: Assets/Scripts/Player/PlayerAnimator.controller
  artifactKey: Guid(026b6d8d11ff54d4d9a2d3027121e811) Importer(2089858483,b0f066a214c2f5e87bad3c948f4d605d)
Start importing Assets/Scripts/Player/PlayerAnimator.controller using Guid(026b6d8d11ff54d4d9a2d3027121e811) Importer(2089858483,b0f066a214c2f5e87bad3c948f4d605d) (ScriptedImporter) -> (artifact id: '5a6f7fdb36aca9d70919c25883e736fd') in 0.0906529 seconds
Number of updated asset objects reloaded before import = 0Number of asset objects unloaded after import = 7

========================================================================
Received Import Request.
  Time since last request: 2.874336 seconds.
  path: Assets/Graphisms/Characters/MainCharacter01/Animations/Char01_Walk_Down 1.anim
  artifactKey: Guid(d717fa512adc7e6468680630592edaba) Importer(2089858483,b0f066a214c2f5e87bad3c948f4d605d)
Start importing Assets/Graphisms/Characters/MainCharacter01/Animations/Char01_Walk_Down 1.anim using Guid(d717fa512adc7e6468680630592edaba) Importer(2089858483,b0f066a214c2f5e87bad3c948f4d605d) (ScriptedImporter) -> (artifact id: '1e7948d541411f2d8fbb7e0352d9d804') in 0.0311995 seconds
Number of updated asset objects reloaded before import = 0Number of asset objects unloaded after import = 1

========================================================================
Received Import Request.
  Time since last request: 0.057370 seconds.
  path: Assets/Graphisms/Characters/MainCharacter01/Animations/Char01_Walk_Down 1.anim
  artifactKey: Guid(d717fa512adc7e6468680630592edaba) Importer(815301076,1909f56bfc062723c751e8b465ee728b)
Start importing Assets/Graphisms/Characters/MainCharacter01/Animations/Char01_Walk_Down 1.anim using Guid(d717fa512adc7e6468680630592edaba) Importer(815301076,1909f56bfc062723c751e8b465ee728b) (PreviewImporter) -> (artifact id: '0c22067ef3a2942ba8cc3cbb66e0580d') in 0.0217342 seconds
Number of updated asset objects reloaded before import = 0Number of asset objects unloaded after import = 1

========================================================================
Received Import Request.
  Time since last request: 4.409696 seconds.
  path: Assets/Graphisms/Characters/MainCharacter01/Animations/Char01_Walk_Up.anim
  artifactKey: Guid(d717fa512adc7e6468680630592edaba) Importer(815301076,1909f56bfc062723c751e8b465ee728b)
Start importing Assets/Graphisms/Characters/MainCharacter01/Animations/Char01_Walk_Up.anim using Guid(d717fa512adc7e6468680630592edaba) Importer(815301076,1909f56bfc062723c751e8b465ee728b) (PreviewImporter) -> (artifact id: '40e709b2d0de7683d551ae8edc6741e2') in 0.0014573 seconds
Number of updated asset objects reloaded before import = 0Number of asset objects unloaded after import = 1

========================================================================
Received Import Request.
  Time since last request: 0.894912 seconds.
  path: Assets/Graphisms/Characters/MainCharacter01/Animations/Char01_Walk_Up.anim
  artifactKey: Guid(d717fa512adc7e6468680630592edaba) Importer(2089858483,b0f066a214c2f5e87bad3c948f4d605d)
Start importing Assets/Graphisms/Characters/MainCharacter01/Animations/Char01_Walk_Up.anim using Guid(d717fa512adc7e6468680630592edaba) Importer(2089858483,b0f066a214c2f5e87bad3c948f4d605d) (ScriptedImporter) -> (artifact id: '1246802f8ea36580a3540f2a8e69cf54') in 0.0074536 seconds
Number of updated asset objects reloaded before import = 0Number of asset objects unloaded after import = 1

========================================================================
Received Import Request.
  Time since last request: 2.588315 seconds.
  path: Assets/Graphisms/Characters/MainCharacter01/Animations/Char01_Walk_Up 1.anim
  artifactKey: Guid(fcb615d4af6b4094d838a8bd894ffa36) Importer(815301076,1909f56bfc062723c751e8b465ee728b)
Start importing Assets/Graphisms/Characters/MainCharacter01/Animations/Char01_Walk_Up 1.anim using Guid(fcb615d4af6b4094d838a8bd894ffa36) Importer(815301076,1909f56bfc062723c751e8b465ee728b) (PreviewImporter) -> (artifact id: 'b5deb0e96501d06230e0e68c7cf962da') in 0.0014906 seconds
Number of updated asset objects reloaded before import = 0Number of asset objects unloaded after import = 1

========================================================================
Received Import Request.
  Time since last request: 0.258355 seconds.
  path: Assets/Graphisms/Characters/MainCharacter01/Animations/Char01_Walk_Up 1.anim
  artifactKey: Guid(fcb615d4af6b4094d838a8bd894ffa36) Importer(2089858483,b0f066a214c2f5e87bad3c948f4d605d)
Start importing Assets/Graphisms/Characters/MainCharacter01/Animations/Char01_Walk_Up 1.anim using Guid(fcb615d4af6b4094d838a8bd894ffa36) Importer(2089858483,b0f066a214c2f5e87bad3c948f4d605d) (ScriptedImporter) -> (artifact id: '1a077cf28379e82e6ea2c8615e9fcbcd') in 0.0106329 seconds
Number of updated asset objects reloaded before import = 0Number of asset objects unloaded after import = 1

========================================================================
Received Import Request.
  Time since last request: 2.378096 seconds.
  path: Assets/Graphisms/Characters/MainCharacter01/Animations/Char01_Walk_Left.anim
  artifactKey: Guid(fcb615d4af6b4094d838a8bd894ffa36) Importer(815301076,1909f56bfc062723c751e8b465ee728b)
Start importing Assets/Graphisms/Characters/MainCharacter01/Animations/Char01_Walk_Left.anim using Guid(fcb615d4af6b4094d838a8bd894ffa36) Importer(815301076,1909f56bfc062723c751e8b465ee728b) (PreviewImporter) -> (artifact id: '70f61f4af46da18b497feac894fca430') in 0.0016956 seconds
Number of updated asset objects reloaded before import = 0Number of asset objects unloaded after import = 1

========================================================================
Received Import Request.
  Time since last request: 0.889474 seconds.
  path: Assets/Graphisms/Characters/MainCharacter01/Animations/Char01_Walk_Left.anim
  artifactKey: Guid(fcb615d4af6b4094d838a8bd894ffa36) Importer(2089858483,b0f066a214c2f5e87bad3c948f4d605d)
Start importing Assets/Graphisms/Characters/MainCharacter01/Animations/Char01_Walk_Left.anim using Guid(fcb615d4af6b4094d838a8bd894ffa36) Importer(2089858483,b0f066a214c2f5e87bad3c948f4d605d) (ScriptedImporter) -> (artifact id: 'e9faf227dc61db298434d10c0c251db8') in 0.0062243 seconds
Number of updated asset objects reloaded before import = 0Number of asset objects unloaded after import = 1

========================================================================
Received Import Request.
  Time since last request: 2.059908 seconds.
  path: Assets/Graphisms/Characters/MainCharacter01/Animations/Char01_Walk_Left 1.anim
  artifactKey: Guid(a06b9ffa7e96d5042a3e7cb7e0816a70) Importer(815301076,1909f56bfc062723c751e8b465ee728b)
Start importing Assets/Graphisms/Characters/MainCharacter01/Animations/Char01_Walk_Left 1.anim using Guid(a06b9ffa7e96d5042a3e7cb7e0816a70) Importer(815301076,1909f56bfc062723c751e8b465ee728b) (PreviewImporter) -> (artifact id: 'f1d8e7d043ccb9c942ceabd675ccaa38') in 0.0014845 seconds
Number of updated asset objects reloaded before import = 0Number of asset objects unloaded after import = 1

========================================================================
Received Import Request.
  Time since last request: 0.000027 seconds.
  path: Assets/Graphisms/Characters/MainCharacter01/Animations/Char01_Walk_Left 1.anim
  artifactKey: Guid(a06b9ffa7e96d5042a3e7cb7e0816a70) Importer(2089858483,b0f066a214c2f5e87bad3c948f4d605d)
Start importing Assets/Graphisms/Characters/MainCharacter01/Animations/Char01_Walk_Left 1.anim using Guid(a06b9ffa7e96d5042a3e7cb7e0816a70) Importer(2089858483,b0f066a214c2f5e87bad3c948f4d605d) (ScriptedImporter) -> (artifact id: 'a1cf9a8a7bed417971fd07825689cb1a') in 0.0069755 seconds
Number of updated asset objects reloaded before import = 0Number of asset objects unloaded after import = 1

========================================================================
Received Import Request.
  Time since last request: 4.008048 seconds.
  path: Assets/Graphisms/Characters/MainCharacter01/Animations/Char01_Walk_Right.anim
  artifactKey: Guid(a06b9ffa7e96d5042a3e7cb7e0816a70) Importer(815301076,1909f56bfc062723c751e8b465ee728b)
Start importing Assets/Graphisms/Characters/MainCharacter01/Animations/Char01_Walk_Right.anim using Guid(a06b9ffa7e96d5042a3e7cb7e0816a70) Importer(815301076,1909f56bfc062723c751e8b465ee728b) (PreviewImporter) -> (artifact id: '146d660ead38aed0b6d751fab3b701d3') in 0.0017998 seconds
Number of updated asset objects reloaded before import = 0Number of asset objects unloaded after import = 1

========================================================================
Received Import Request.
  Time since last request: 0.888203 seconds.
  path: Assets/Graphisms/Characters/MainCharacter01/Animations/Char01_Walk_Right.anim
  artifactKey: Guid(a06b9ffa7e96d5042a3e7cb7e0816a70) Importer(2089858483,b0f066a214c2f5e87bad3c948f4d605d)
Start importing Assets/Graphisms/Characters/MainCharacter01/Animations/Char01_Walk_Right.anim using Guid(a06b9ffa7e96d5042a3e7cb7e0816a70) Importer(2089858483,b0f066a214c2f5e87bad3c948f4d605d) (ScriptedImporter) -> (artifact id: '0c859a5ca7c3ea148e57d1244f79c787') in 0.0112065 seconds
Number of updated asset objects reloaded before import = 0Number of asset objects unloaded after import = 1

========================================================================
Received Import Request.
  Time since last request: 27.689398 seconds.
  path: Assets/Graphisms/Characters/MainCharacter01/Animations/Char01_Walk_Down.anim
  artifactKey: Guid(2bb86005fa17ac1438e5dc778ef7e598) Importer(815301076,1909f56bfc062723c751e8b465ee728b)
Start importing Assets/Graphisms/Characters/MainCharacter01/Animations/Char01_Walk_Down.anim using Guid(2bb86005fa17ac1438e5dc778ef7e598) Importer(815301076,1909f56bfc062723c751e8b465ee728b) (PreviewImporter) -> (artifact id: '5a75e995839cba3a7e7f2ba7998b592c') in 0.0013482 seconds
Number of updated asset objects reloaded before import = 0Number of asset objects unloaded after import = 1

========================================================================
Received Import Request.
  Time since last request: 42.156840 seconds.
  path: Assets/Graphisms/Characters/MainCharacter01/Animations/Char01_Walk_Left.anim
  artifactKey: Guid(fcb615d4af6b4094d838a8bd894ffa36) Importer(2089858483,b0f066a214c2f5e87bad3c948f4d605d)
Start importing Assets/Graphisms/Characters/MainCharacter01/Animations/Char01_Walk_Left.anim using Guid(fcb615d4af6b4094d838a8bd894ffa36) Importer(2089858483,b0f066a214c2f5e87bad3c948f4d605d) (ScriptedImporter) -> (artifact id: 'dfc9eaa574a559b3bb691b3ea1e61585') in 0.0061301 seconds
Number of updated asset objects reloaded before import = 0Number of asset objects unloaded after import = 1

========================================================================
Received Import Request.
  Time since last request: 24.668419 seconds.
  path: Assets/Graphisms/Characters/MainCharacter01/Animations/Char01_Walk_Left.anim
  artifactKey: Guid(fcb615d4af6b4094d838a8bd894ffa36) Importer(2089858483,b0f066a214c2f5e87bad3c948f4d605d)
Start importing Assets/Graphisms/Characters/MainCharacter01/Animations/Char01_Walk_Left.anim using Guid(fcb615d4af6b4094d838a8bd894ffa36) Importer(2089858483,b0f066a214c2f5e87bad3c948f4d605d) (ScriptedImporter) -> (artifact id: '116d9186228e3d17191cedbdbf9ebb53') in 0.0068309 seconds
Number of updated asset objects reloaded before import = 0Number of asset objects unloaded after import = 1

========================================================================
Received Import Request.
  Time since last request: 20.816831 seconds.
  path: Assets/Graphisms/Characters/MainCharacter01/Animations/Char01_Walk_Right.anim
  artifactKey: Guid(a06b9ffa7e96d5042a3e7cb7e0816a70) Importer(2089858483,b0f066a214c2f5e87bad3c948f4d605d)
Start importing Assets/Graphisms/Characters/MainCharacter01/Animations/Char01_Walk_Right.anim using Guid(a06b9ffa7e96d5042a3e7cb7e0816a70) Importer(2089858483,b0f066a214c2f5e87bad3c948f4d605d) (ScriptedImporter) -> (artifact id: '2139f88e747a1a1a1a1a3dd774f8a845') in 0.0123672 seconds
Number of updated asset objects reloaded before import = 0Number of asset objects unloaded after import = 1

========================================================================
Received Import Request.
  Time since last request: 6.141350 seconds.
  path: Assets/Graphisms/Characters/MainCharacter01/Animations/Char01_Walk_Right.anim
  artifactKey: Guid(a06b9ffa7e96d5042a3e7cb7e0816a70) Importer(2089858483,b0f066a214c2f5e87bad3c948f4d605d)
Start importing Assets/Graphisms/Characters/MainCharacter01/Animations/Char01_Walk_Right.anim using Guid(a06b9ffa7e96d5042a3e7cb7e0816a70) Importer(2089858483,b0f066a214c2f5e87bad3c948f4d605d) (ScriptedImporter) -> (artifact id: '5de342c33359ca7069f9404ec2555baf') in 0.0086543 seconds
Number of updated asset objects reloaded before import = 0Number of asset objects unloaded after import = 1

========================================================================
Received Import Request.
  Time since last request: 0.000025 seconds.
  path: Assets/Graphisms/Characters/MainCharacter01/Animations/Char01_Walk_Up.anim
  artifactKey: Guid(d717fa512adc7e6468680630592edaba) Importer(2089858483,b0f066a214c2f5e87bad3c948f4d605d)
Start importing Assets/Graphisms/Characters/MainCharacter01/Animations/Char01_Walk_Up.anim using Guid(d717fa512adc7e6468680630592edaba) Importer(2089858483,b0f066a214c2f5e87bad3c948f4d605d) (ScriptedImporter) -> (artifact id: 'f2d99c8f05ed2a257cd8e68a16fb4d33') in 0.0093529 seconds
Number of updated asset objects reloaded before import = 0Number of asset objects unloaded after import = 1

========================================================================
Received Import Request.
  Time since last request: 97.347853 seconds.
  path: Assets/Scripts/Player/PlayerAnimator.controller
  artifactKey: Guid(026b6d8d11ff54d4d9a2d3027121e811) Importer(2089858483,b0f066a214c2f5e87bad3c948f4d605d)
Start importing Assets/Scripts/Player/PlayerAnimator.controller using Guid(026b6d8d11ff54d4d9a2d3027121e811) Importer(2089858483,b0f066a214c2f5e87bad3c948f4d605d) (ScriptedImporter) -> (artifact id: '54f6af9e9b8582733b5de4d0f762f713') in 0.00678 seconds
Number of updated asset objects reloaded before import = 0Number of asset objects unloaded after import = 13

========================================================================
Received Import Request.
  Time since last request: 40.692207 seconds.
  path: Assets/Scripts/Player/PlayerAnimator.controller
  artifactKey: Guid(026b6d8d11ff54d4d9a2d3027121e811) Importer(2089858483,b0f066a214c2f5e87bad3c948f4d605d)
Start importing Assets/Scripts/Player/PlayerAnimator.controller using Guid(026b6d8d11ff54d4d9a2d3027121e811) Importer(2089858483,b0f066a214c2f5e87bad3c948f4d605d) (ScriptedImporter) -> (artifact id: '4fe3095a31d341094724be5f92b22cae') in 0.0067689 seconds
Number of updated asset objects reloaded before import = 0Number of asset objects unloaded after import = 13

========================================================================
Received Prepare
Begin MonoManager ReloadAssembly
[Licensing::Client] Successfully resolved entitlement details
- Loaded All Assemblies, in  1.078 seconds
Refreshing native plugins compatible for Editor in 2.07 ms, found 4 plugins.
Native extension for WindowsStandalone target not found
Native extension for WebGL target not found
[Package Manager] Failed to launch server process. Reason: Unity was launched with the -noUpm command-line argument
[Package Manager] Unable to send message (not connected to server process).
[Package Manager] Cannot connect to Unity Package Manager local server
Mono: successfully reloaded assembly
- Finished resetting the current domain, in  1.257 seconds
Domain Reload Profiling: 2339ms
	BeginReloadAssembly (343ms)
		ExecutionOrderSort (0ms)
		DisableScriptedObjects (17ms)
		BackupInstance (0ms)
		ReleaseScriptingObjects (0ms)
		CreateAndSetChildDomain (81ms)
	RebuildCommonClasses (50ms)
	RebuildNativeTypeToScriptingClass (19ms)
	initialDomainReloadingComplete (32ms)
	LoadAllAssembliesAndSetupDomain (637ms)
		LoadAssemblies (566ms)
		RebuildTransferFunctionScriptingTraits (0ms)
		AnalyzeDomain (250ms)
			TypeCache.Refresh (9ms)
				TypeCache.ScanAssembly (0ms)
			BuildScriptInfoCaches (222ms)
			ResolveRequiredComponents (14ms)
	FinalizeReload (1258ms)
		ReleaseScriptCaches (0ms)
		RebuildScriptCaches (0ms)
		SetupLoadedEditorAssemblies (1047ms)
			LogAssemblyErrors (0ms)
			InitializePlatformSupportModulesInManaged (5ms)
			SetLoadedEditorAssemblies (9ms)
			BeforeProcessingInitializeOnLoad (346ms)
			ProcessInitializeOnLoadAttributes (569ms)
			ProcessInitializeOnLoadMethodAttributes (115ms)
			AfterProcessingInitializeOnLoad (3ms)
			EditorAssembliesLoaded (0ms)
		ExecutionOrderSort2 (0ms)
		AwakeInstancesAfterBackupRestoration (19ms)
Refreshing native plugins compatible for Editor in 2.32 ms, found 4 plugins.
Preloading 0 native plugins for Editor in 0.00 ms.
Unloading 16 Unused Serialized files (Serialized files now loaded: 0)
Unloading 6869 unused Assets / (5.2 MB). Loaded Objects now: 7695.
Memory consumption went from 155.5 MB to 150.3 MB.
Total: 15.971500 ms (FindLiveObjects: 1.213200 ms CreateObjectMapping: 0.628300 ms MarkObjects: 10.483500 ms  DeleteObjects: 3.644600 ms)

Prepare: number of updated asset objects reloaded= 0
========================================================================
Received Prepare
Begin MonoManager ReloadAssembly
- Loaded All Assemblies, in  1.073 seconds
Refreshing native plugins compatible for Editor in 2.23 ms, found 4 plugins.
Native extension for WindowsStandalone target not found
Native extension for WebGL target not found
[Package Manager] Failed to launch server process. Reason: Unity was launched with the -noUpm command-line argument
[Package Manager] Unable to send message (not connected to server process).
[Package Manager] Cannot connect to Unity Package Manager local server
Mono: successfully reloaded assembly
- Finished resetting the current domain, in  1.285 seconds
Domain Reload Profiling: 2359ms
	BeginReloadAssembly (328ms)
		ExecutionOrderSort (0ms)
		DisableScriptedObjects (21ms)
		BackupInstance (0ms)
		ReleaseScriptingObjects (0ms)
		CreateAndSetChildDomain (71ms)
	RebuildCommonClasses (53ms)
	RebuildNativeTypeToScriptingClass (17ms)
	initialDomainReloadingComplete (33ms)
	LoadAllAssembliesAndSetupDomain (643ms)
		LoadAssemblies (573ms)
		RebuildTransferFunctionScriptingTraits (0ms)
		AnalyzeDomain (244ms)
			TypeCache.Refresh (10ms)
				TypeCache.ScanAssembly (0ms)
			BuildScriptInfoCaches (218ms)
			ResolveRequiredComponents (12ms)
	FinalizeReload (1286ms)
		ReleaseScriptCaches (0ms)
		RebuildScriptCaches (0ms)
		SetupLoadedEditorAssemblies (1047ms)
			LogAssemblyErrors (0ms)
			InitializePlatformSupportModulesInManaged (2ms)
			SetLoadedEditorAssemblies (10ms)
			BeforeProcessingInitializeOnLoad (360ms)
			ProcessInitializeOnLoadAttributes (555ms)
			ProcessInitializeOnLoadMethodAttributes (116ms)
			AfterProcessingInitializeOnLoad (3ms)
			EditorAssembliesLoaded (1ms)
		ExecutionOrderSort2 (0ms)
		AwakeInstancesAfterBackupRestoration (19ms)
Refreshing native plugins compatible for Editor in 2.23 ms, found 4 plugins.
Preloading 0 native plugins for Editor in 0.00 ms.
Unloading 16 Unused Serialized files (Serialized files now loaded: 0)
Unloading 6869 unused Assets / (4.2 MB). Loaded Objects now: 7698.
Memory consumption went from 155.6 MB to 151.4 MB.
Total: 15.447900 ms (FindLiveObjects: 1.193200 ms CreateObjectMapping: 4.942700 ms MarkObjects: 6.636300 ms  DeleteObjects: 2.674100 ms)

Prepare: number of updated asset objects reloaded= 0
========================================================================
Received Import Request.
  Time since last request: 169.352028 seconds.
  path: Assets/Scripts/Player/PlayerAnimator.controller
  artifactKey: Guid(026b6d8d11ff54d4d9a2d3027121e811) Importer(815301076,1909f56bfc062723c751e8b465ee728b)
Start importing Assets/Scripts/Player/PlayerAnimator.controller using Guid(026b6d8d11ff54d4d9a2d3027121e811) Importer(815301076,1909f56bfc062723c751e8b465ee728b) (PreviewImporter) -> (artifact id: '58660bd5cf4dcaf91aeef525b3749243') in 0.0494275 seconds
Number of updated asset objects reloaded before import = 0Number of asset objects unloaded after import = 13

========================================================================
Received Prepare
Begin MonoManager ReloadAssembly
[Licensing::Client] Successfully resolved entitlement details
- Loaded All Assemblies, in  1.121 seconds
Refreshing native plugins compatible for Editor in 2.02 ms, found 4 plugins.
Native extension for WindowsStandalone target not found
Native extension for WebGL target not found
[Package Manager] Failed to launch server process. Reason: Unity was launched with the -noUpm command-line argument
[Package Manager] Unable to send message (not connected to server process).
[Package Manager] Cannot connect to Unity Package Manager local server
Mono: successfully reloaded assembly
- Finished resetting the current domain, in  1.233 seconds
Domain Reload Profiling: 2360ms
	BeginReloadAssembly (342ms)
		ExecutionOrderSort (0ms)
		DisableScriptedObjects (18ms)
		BackupInstance (0ms)
		ReleaseScriptingObjects (0ms)
		CreateAndSetChildDomain (78ms)
	RebuildCommonClasses (48ms)
	RebuildNativeTypeToScriptingClass (16ms)
	initialDomainReloadingComplete (33ms)
	LoadAllAssembliesAndSetupDomain (688ms)
		LoadAssemblies (582ms)
		RebuildTransferFunctionScriptingTraits (0ms)
		AnalyzeDomain (284ms)
			TypeCache.Refresh (12ms)
				TypeCache.ScanAssembly (0ms)
			BuildScriptInfoCaches (250ms)
			ResolveRequiredComponents (17ms)
	FinalizeReload (1234ms)
		ReleaseScriptCaches (0ms)
		RebuildScriptCaches (0ms)
		SetupLoadedEditorAssemblies (1031ms)
			LogAssemblyErrors (0ms)
			InitializePlatformSupportModulesInManaged (2ms)
			SetLoadedEditorAssemblies (8ms)
			BeforeProcessingInitializeOnLoad (338ms)
			ProcessInitializeOnLoadAttributes (565ms)
			ProcessInitializeOnLoadMethodAttributes (113ms)
			AfterProcessingInitializeOnLoad (4ms)
			EditorAssembliesLoaded (1ms)
		ExecutionOrderSort2 (0ms)
		AwakeInstancesAfterBackupRestoration (19ms)
Refreshing native plugins compatible for Editor in 3.46 ms, found 4 plugins.
Preloading 0 native plugins for Editor in 0.00 ms.
Unloading 16 Unused Serialized files (Serialized files now loaded: 0)
Unloading 6869 unused Assets / (4.2 MB). Loaded Objects now: 7701.
Memory consumption went from 155.6 MB to 151.4 MB.
Total: 11.200800 ms (FindLiveObjects: 1.180900 ms CreateObjectMapping: 0.957400 ms MarkObjects: 6.341000 ms  DeleteObjects: 2.719100 ms)

Prepare: number of updated asset objects reloaded= 0
========================================================================
Received Prepare
Begin MonoManager ReloadAssembly
- Loaded All Assemblies, in  1.070 seconds
Refreshing native plugins compatible for Editor in 2.17 ms, found 4 plugins.
Native extension for WindowsStandalone target not found
Native extension for WebGL target not found
[Package Manager] Failed to launch server process. Reason: Unity was launched with the -noUpm command-line argument
[Package Manager] Unable to send message (not connected to server process).
[Package Manager] Cannot connect to Unity Package Manager local server
Mono: successfully reloaded assembly
- Finished resetting the current domain, in  1.298 seconds
Domain Reload Profiling: 2372ms
	BeginReloadAssembly (325ms)
		ExecutionOrderSort (0ms)
		DisableScriptedObjects (18ms)
		BackupInstance (0ms)
		ReleaseScriptingObjects (0ms)
		CreateAndSetChildDomain (71ms)
	RebuildCommonClasses (48ms)
	RebuildNativeTypeToScriptingClass (18ms)
	initialDomainReloadingComplete (34ms)
	LoadAllAssembliesAndSetupDomain (648ms)
		LoadAssemblies (553ms)
		RebuildTransferFunctionScriptingTraits (0ms)
		AnalyzeDomain (267ms)
			TypeCache.Refresh (9ms)
				TypeCache.ScanAssembly (0ms)
			BuildScriptInfoCaches (239ms)
			ResolveRequiredComponents (15ms)
	FinalizeReload (1299ms)
		ReleaseScriptCaches (0ms)
		RebuildScriptCaches (0ms)
		SetupLoadedEditorAssemblies (1077ms)
			LogAssemblyErrors (0ms)
			InitializePlatformSupportModulesInManaged (2ms)
			SetLoadedEditorAssemblies (10ms)
			BeforeProcessingInitializeOnLoad (343ms)
			ProcessInitializeOnLoadAttributes (590ms)
			ProcessInitializeOnLoadMethodAttributes (125ms)
			AfterProcessingInitializeOnLoad (5ms)
			EditorAssembliesLoaded (1ms)
		ExecutionOrderSort2 (0ms)
		AwakeInstancesAfterBackupRestoration (25ms)
Refreshing native plugins compatible for Editor in 2.24 ms, found 4 plugins.
Preloading 0 native plugins for Editor in 0.00 ms.
Unloading 16 Unused Serialized files (Serialized files now loaded: 0)
Unloading 6869 unused Assets / (4.4 MB). Loaded Objects now: 7704.
Memory consumption went from 155.6 MB to 151.3 MB.
Total: 14.378200 ms (FindLiveObjects: 1.158600 ms CreateObjectMapping: 1.202700 ms MarkObjects: 8.140200 ms  DeleteObjects: 3.874400 ms)

Prepare: number of updated asset objects reloaded= 0
========================================================================
Received Import Request.
  Time since last request: 176.774761 seconds.
  path: Assets/Scripts/Player/PlayerAnimator.controller
  artifactKey: Guid(026b6d8d11ff54d4d9a2d3027121e811) Importer(815301076,1909f56bfc062723c751e8b465ee728b)
Start importing Assets/Scripts/Player/PlayerAnimator.controller using Guid(026b6d8d11ff54d4d9a2d3027121e811) Importer(815301076,1909f56bfc062723c751e8b465ee728b) (PreviewImporter) -> (artifact id: 'eeff48f701855ea7da4da6093ed145cc') in 0.044592 seconds
Number of updated asset objects reloaded before import = 0Number of asset objects unloaded after import = 15

========================================================================
Received Import Request.
  Time since last request: 77.840934 seconds.
  path: Assets/Scripts/Player/PlayerAnimator.controller
  artifactKey: Guid(026b6d8d11ff54d4d9a2d3027121e811) Importer(2089858483,b0f066a214c2f5e87bad3c948f4d605d)
Start importing Assets/Scripts/Player/PlayerAnimator.controller using Guid(026b6d8d11ff54d4d9a2d3027121e811) Importer(2089858483,b0f066a214c2f5e87bad3c948f4d605d) (ScriptedImporter) -> (artifact id: '7d8aa9afd452bbcd15ada1a08b437582') in 0.0698272 seconds
Number of updated asset objects reloaded before import = 0Number of asset objects unloaded after import = 15

========================================================================
Received Import Request.
  Time since last request: 86.163234 seconds.
  path: Assets/Scripts/Player/PlayerAnimator.controller
  artifactKey: Guid(026b6d8d11ff54d4d9a2d3027121e811) Importer(2089858483,b0f066a214c2f5e87bad3c948f4d605d)
Start importing Assets/Scripts/Player/PlayerAnimator.controller using Guid(026b6d8d11ff54d4d9a2d3027121e811) Importer(2089858483,b0f066a214c2f5e87bad3c948f4d605d) (ScriptedImporter) -> (artifact id: '2956874905c0f668fc6987d79404f858') in 0.0128509 seconds
Number of updated asset objects reloaded before import = 0Number of asset objects unloaded after import = 12

========================================================================
Received Import Request.
  Time since last request: 0.000020 seconds.
  path: Assets/Graphisms/Characters/MainCharacter01/Animations/Char01_Walk_Up 1.anim
  artifactKey: Guid(82539670e1fa16e48940b5272eee350e) Importer(2089858483,b0f066a214c2f5e87bad3c948f4d605d)
Start importing Assets/Graphisms/Characters/MainCharacter01/Animations/Char01_Walk_Up 1.anim using Guid(82539670e1fa16e48940b5272eee350e) Importer(2089858483,b0f066a214c2f5e87bad3c948f4d605d) (ScriptedImporter) -> (artifact id: '61e6d096255a6599ee597168bea03223') in 0.0351089 seconds
Number of updated asset objects reloaded before import = 0Number of asset objects unloaded after import = 1

========================================================================
Received Import Request.
  Time since last request: 0.000017 seconds.
  path: Assets/Graphisms/Characters/MainCharacter01/Animations/Char01_Walk_Left 1.anim
  artifactKey: Guid(a32a3fa705eaa1945b968be5b5077461) Importer(2089858483,b0f066a214c2f5e87bad3c948f4d605d)
Start importing Assets/Graphisms/Characters/MainCharacter01/Animations/Char01_Walk_Left 1.anim using Guid(a32a3fa705eaa1945b968be5b5077461) Importer(2089858483,b0f066a214c2f5e87bad3c948f4d605d) (ScriptedImporter) -> (artifact id: 'de6980b2f905247a028c340a325bd402') in 0.0092248 seconds
Number of updated asset objects reloaded before import = 0Number of asset objects unloaded after import = 1

========================================================================
Received Import Request.
  Time since last request: 14.704430 seconds.
  path: Assets/Graphisms/Characters/MainCharacter01/Animations/Char01_Idle_Down.anim
  artifactKey: Guid(a04192251e900094782c360aa6f5ee30) Importer(2089858483,b0f066a214c2f5e87bad3c948f4d605d)
Start importing Assets/Graphisms/Characters/MainCharacter01/Animations/Char01_Idle_Down.anim using Guid(a04192251e900094782c360aa6f5ee30) Importer(2089858483,b0f066a214c2f5e87bad3c948f4d605d) (ScriptedImporter) -> (artifact id: 'b646291dd0d2210400af383209b5e277') in 0.0068913 seconds
Number of updated asset objects reloaded before import = 0Number of asset objects unloaded after import = 1

========================================================================
Received Import Request.
  Time since last request: 6.057565 seconds.
  path: Assets/Graphisms/Characters/MainCharacter01/Animations/Char01_Idle_Left 1.anim
  artifactKey: Guid(a32a3fa705eaa1945b968be5b5077461) Importer(2089858483,b0f066a214c2f5e87bad3c948f4d605d)
Start importing Assets/Graphisms/Characters/MainCharacter01/Animations/Char01_Idle_Left 1.anim using Guid(a32a3fa705eaa1945b968be5b5077461) Importer(2089858483,b0f066a214c2f5e87bad3c948f4d605d) (ScriptedImporter) -> (artifact id: 'd4b9b6577a46390634ccaf3c95235a6c') in 0.0059332 seconds
Number of updated asset objects reloaded before import = 0Number of asset objects unloaded after import = 1

========================================================================
Received Import Request.
  Time since last request: 2.917749 seconds.
  path: Assets/Graphisms/Characters/MainCharacter01/Animations/Char01_Idle_Left.anim
  artifactKey: Guid(a32a3fa705eaa1945b968be5b5077461) Importer(2089858483,b0f066a214c2f5e87bad3c948f4d605d)
Start importing Assets/Graphisms/Characters/MainCharacter01/Animations/Char01_Idle_Left.anim using Guid(a32a3fa705eaa1945b968be5b5077461) Importer(2089858483,b0f066a214c2f5e87bad3c948f4d605d) (ScriptedImporter) -> (artifact id: 'd4c0d9510f28a4703eb8f54907be7f0e') in 0.0093827 seconds
Number of updated asset objects reloaded before import = 0Number of asset objects unloaded after import = 1

========================================================================
Received Import Request.
  Time since last request: 6.951938 seconds.
  path: Assets/Graphisms/Characters/MainCharacter01/Animations/Char01_Idle_Right.anim
  artifactKey: Guid(189dbd6dec0e7414ea6c5955ee00c5e2) Importer(2089858483,b0f066a214c2f5e87bad3c948f4d605d)
Start importing Assets/Graphisms/Characters/MainCharacter01/Animations/Char01_Idle_Right.anim using Guid(189dbd6dec0e7414ea6c5955ee00c5e2) Importer(2089858483,b0f066a214c2f5e87bad3c948f4d605d) (ScriptedImporter) -> (artifact id: '5e570a3e8a9b8af573fc9fe93d754581') in 0.0102077 seconds
Number of updated asset objects reloaded before import = 0Number of asset objects unloaded after import = 1

========================================================================
Received Import Request.
  Time since last request: 6.605331 seconds.
  path: Assets/Graphisms/Characters/MainCharacter01/Animations/Char01_Idle_Up.anim
  artifactKey: Guid(82539670e1fa16e48940b5272eee350e) Importer(2089858483,b0f066a214c2f5e87bad3c948f4d605d)
Start importing Assets/Graphisms/Characters/MainCharacter01/Animations/Char01_Idle_Up.anim using Guid(82539670e1fa16e48940b5272eee350e) Importer(2089858483,b0f066a214c2f5e87bad3c948f4d605d) (ScriptedImporter) -> (artifact id: '77ac3cc0c58acf5b73c1f8ae7d13ac09') in 0.0067658 seconds
Number of updated asset objects reloaded before import = 0Number of asset objects unloaded after import = 1

========================================================================
Received Import Request.
  Time since last request: 46.326492 seconds.
  path: Assets/Scripts/Player/PlayerAnimator.controller
  artifactKey: Guid(026b6d8d11ff54d4d9a2d3027121e811) Importer(2089858483,b0f066a214c2f5e87bad3c948f4d605d)
Start importing Assets/Scripts/Player/PlayerAnimator.controller using Guid(026b6d8d11ff54d4d9a2d3027121e811) Importer(2089858483,b0f066a214c2f5e87bad3c948f4d605d) (ScriptedImporter) -> (artifact id: '0e0d610990cbf6d953f627a3a7e724ee') in 0.0088415 seconds
Number of updated asset objects reloaded before import = 0Number of asset objects unloaded after import = 16

========================================================================
Received Import Request.
  Time since last request: 0.000020 seconds.
  path: Assets/Graphisms/Characters/MainCharacter01/Animations/Char01_Idle_Up.anim
  artifactKey: Guid(82539670e1fa16e48940b5272eee350e) Importer(2089858483,b0f066a214c2f5e87bad3c948f4d605d)
Start importing Assets/Graphisms/Characters/MainCharacter01/Animations/Char01_Idle_Up.anim using Guid(82539670e1fa16e48940b5272eee350e) Importer(2089858483,b0f066a214c2f5e87bad3c948f4d605d) (ScriptedImporter) -> (artifact id: 'c15351ddaf78d34bb036b83cd4e1235c') in 0.0078557 seconds
Number of updated asset objects reloaded before import = 0Number of asset objects unloaded after import = 1

========================================================================
Received Import Request.
  Time since last request: 0.000030 seconds.
  path: Assets/Graphisms/Characters/MainCharacter01/Animations/Char01_Idle_Down.anim
  artifactKey: Guid(a04192251e900094782c360aa6f5ee30) Importer(2089858483,b0f066a214c2f5e87bad3c948f4d605d)
Start importing Assets/Graphisms/Characters/MainCharacter01/Animations/Char01_Idle_Down.anim using Guid(a04192251e900094782c360aa6f5ee30) Importer(2089858483,b0f066a214c2f5e87bad3c948f4d605d) (ScriptedImporter) -> (artifact id: 'c8c421145b92d89afa3ff5430c52864e') in 0.0078565 seconds
Number of updated asset objects reloaded before import = 0Number of asset objects unloaded after import = 1

Editor requested this worker to shutdown with reason: Scaling down because of idle timeout
AssetImportWorker is now disconnected from the server
Process exiting
Exiting without the bug reporter. Application will terminate with return code 0